// Vitest Snapshot v1, https://vitest.dev/guide/snapshot.html

exports[`Home > matches snapshot 1`] = `
<div>
  <main
    class="grid min-h-dvh pb-20 pt-40"
  >
    <section
      class="container grid h-full grid-rows-[min-content_1fr]"
    >
      <h1
        class="mb-10 text-balance text-4xl font-medium capitalize"
      >
        Mountain
      </h1>
      <div
        data-testid="photo-list"
      >
        Photo List
      </div>
      <div
        data-testid="pagination"
      >
        Pagination
      </div>
    </section>
  </main>
</div>
`;
