// Vitest Snapshot v1, https://vitest.dev/guide/snapshot.html

exports[`ThemeContext > should match snapshot 1`] = `
<DocumentFragment>
  <div
    class="dark:text-text bg-white font-sans text-base font-medium dark:bg-neutral-950 light"
  >
    <div>
      Test Children
    </div>
  </div>
</DocumentFragment>
`;
