// Vitest Snapshot v1, https://vitest.dev/guide/snapshot.html

exports[`ErrorFallback > should render default error message 1`] = `
<main
  class="container grid h-dvh place-items-center"
>
  <section
    class="flex flex-col items-center gap-10"
  >
    <h1
      class="text-balance text-center text-4xl font-bold first-letter:capitalize"
    >
      Something went wrong!
    </h1>
  </section>
</main>
`;
