// Vitest Snapshot v1, https://vitest.dev/guide/snapshot.html

exports[`ErrorComponent > should click button and function correctly run 1`] = `
<main
  class="container grid h-dvh place-items-center"
>
  <section
    class="flex flex-col items-center gap-10"
  >
    <h1
      class="text-center text-4xl font-bold text-balance first-letter:capitalize"
    >
      Something Error
    </h1>
    <button
      class="w-full max-w-[200px] cursor-pointer rounded-3xl bg-pine px-5 py-3 text-xl capitalize transition-colors duration-200 hover:bg-pine/80"
      type="button"
    >
      Try Again
    </button>
  </section>
</main>
`;

exports[`ErrorComponent > should render title and button 1`] = `
<main
  class="container grid h-dvh place-items-center"
>
  <section
    class="flex flex-col items-center gap-10"
  >
    <h1
      class="text-center text-4xl font-bold text-balance first-letter:capitalize"
    >
      Something Error
    </h1>
    <button
      class="w-full max-w-[200px] cursor-pointer rounded-3xl bg-pine px-5 py-3 text-xl capitalize transition-colors duration-200 hover:bg-pine/80"
      type="button"
    >
      Try Again
    </button>
  </section>
</main>
`;
