// Vitest Snapshot v1, https://vitest.dev/guide/snapshot.html

exports[`FavoritesPopup > renders correctly 1`] = `
<div
  class="w-full max-w-[320px] overflow-clip rounded-3xl md:max-w-sm"
>
  <div
    class="dark:bg-highlight-low max-h-90 grid grid-rows-[1fr_min-content_min-content] rounded-3xl bg-white text-sm/6 shadow-lg ring-1 ring-gray-900/5"
  >
    <ul
      class="scrollbar-thin scrollbar-thumb-rose scrollbar-track-white dark:scrollbar-thumb-highlight-high dark:scrollbar-track-base grid h-full overflow-y-auto"
    >
      <li
        class="dark:even:bg-highlight-med even:bg-rose p-4"
      >
        <p>
          1
        </p>
        <p
          class="line-clamp-1"
          title="Photo 1 description"
        >
          Photo 1 description
        </p>
      </li>
      <li
        class="dark:even:bg-highlight-med even:bg-rose p-4"
      >
        <p>
          2
        </p>
        <p
          class="line-clamp-1"
          title="Photo 2 description"
        >
          Photo 2 description
        </p>
      </li>
    </ul>
    <p
      class="dark:bg-highlight-low bg-rose p-1 text-center"
    >
      2
       
      items are
       selected
    </p>
    <div
      class="dark:bg-highlight-high dark:text-text grid grid-cols-2"
    >
      <button
        class="dark:hover:bg-love hover:bg-love flex cursor-pointer items-center justify-center gap-x-2.5 p-3 font-semibold duration-200 hover:text-white dark:hover:text-white"
        type="button"
      >
        <svg
          aria-hidden="true"
          class="lucide lucide-trash"
          fill="none"
          height="20"
          stroke="currentColor"
          stroke-linecap="round"
          stroke-linejoin="round"
          stroke-width="2"
          viewBox="0 0 24 24"
          width="20"
          xmlns="http://www.w3.org/2000/svg"
        >
          <path
            d="M3 6h18"
          />
          <path
            d="M19 6v14c0 1-1 2-2 2H7c-1 0-2-1-2-2V6"
          />
          <path
            d="M8 6V4c0-1 1-2 2-2h4c1 0 2 1 2 2v2"
          />
        </svg>
        Clear All
      </button>
      <a
        class="dark:hover:bg-pine hover:bg-pine dark:hover:text-text flex cursor-pointer items-center justify-center gap-x-2.5 p-3 font-semibold duration-200 hover:text-white"
      >
        <svg
          aria-hidden="true"
          class="lucide lucide-download"
          fill="none"
          height="20"
          stroke="currentColor"
          stroke-linecap="round"
          stroke-linejoin="round"
          stroke-width="2"
          viewBox="0 0 24 24"
          width="20"
          xmlns="http://www.w3.org/2000/svg"
        >
          <path
            d="M12 15V3"
          />
          <path
            d="M21 15v4a2 2 0 0 1-2 2H5a2 2 0 0 1-2-2v-4"
          />
          <path
            d="m7 10 5 5 5-5"
          />
        </svg>
        Download
      </a>
    </div>
  </div>
</div>
`;
