// Vitest Snapshot v1, https://vitest.dev/guide/snapshot.html

exports[`Header > should render header on about route 1`] = `
<header
  class="fixed inset-x-0 z-10 bg-neutral-950/80 backdrop-blur-3xl"
>
  <div
    class="container flex min-h-[80px] flex-col items-center gap-10 py-5 sm:flex-row lg:py-0"
  >
    <a
      class="font-brand text-3xl"
      data-discover="true"
      href="/"
    >
      <span
        class="text-iris"
      >
        RS
      </span>
       Gallery
    </a>
    <ul
      class="flex gap-5 justify-self-end text-xl lg:ml-auto"
    >
      <li>
        <a
          class=""
          data-discover="true"
          href="/"
        >
          Home
        </a>
      </li>
      <li>
        <a
          aria-current="page"
          class="text-rose pointer-events-none duration-200"
          data-discover="true"
          href="/about"
        >
          About
        </a>
      </li>
    </ul>
  </div>
</header>
`;

exports[`Header > should render header on home route 1`] = `
<header
  class="fixed inset-x-0 z-10 bg-neutral-950/80 backdrop-blur-3xl"
>
  <div
    class="container flex min-h-[80px] flex-col items-center gap-10 py-5 sm:flex-row lg:py-0"
  >
    <a
      class="font-brand text-3xl"
      data-discover="true"
      href="/"
    >
      <span
        class="text-iris"
      >
        RS
      </span>
       Gallery
    </a>
    <div
      class="flex grow items-center justify-center gap-5"
    >
      <form
        aria-label="Search Form"
        class="ring-iris group flex h-full rounded-full has-[input:focus-visible]:ring-2 w-full max-w-lg"
      >
        <p
          class="relative w-full"
        >
          <label
            class="sr-only"
            for="search"
          >
            Search:
             
          </label>
          <input
            class="pr-18 bg-iris/15 peer h-full w-full rounded-l-full py-3 pl-5 text-lg outline-none transition-colors duration-200"
            id="search"
            inputmode="search"
            name="search"
            placeholder="Find awesome images..."
            type="text"
            value=""
          />
          <button
            aria-label="Reset"
            class="-translate-1/2 text-text visible absolute right-0 top-1/2 cursor-pointer p-2 opacity-100 duration-200 peer-placeholder-shown:invisible peer-placeholder-shown:opacity-0"
            type="reset"
          >
            <svg
              aria-hidden="true"
              class="lucide lucide-x"
              fill="none"
              height="24"
              stroke="currentColor"
              stroke-linecap="round"
              stroke-linejoin="round"
              stroke-width="2"
              viewBox="0 0 24 24"
              width="24"
              xmlns="http://www.w3.org/2000/svg"
            >
              <path
                d="M18 6 6 18"
              />
              <path
                d="m6 6 12 12"
              />
            </svg>
          </button>
        </p>
        <p>
          <button
            aria-label="Search"
            class="bg-iris text-highlight-low hover:bg-iris/80 h-full cursor-pointer rounded-r-full px-4 py-2 transition-colors duration-200 lg:px-10"
            type="submit"
          >
            <svg
              aria-hidden="true"
              class="lucide lucide-search"
              fill="none"
              height="24"
              stroke="currentColor"
              stroke-linecap="round"
              stroke-linejoin="round"
              stroke-width="2"
              viewBox="0 0 24 24"
              width="24"
              xmlns="http://www.w3.org/2000/svg"
            >
              <path
                d="m21 21-4.34-4.34"
              />
              <circle
                cx="11"
                cy="11"
                r="8"
              />
            </svg>
          </button>
        </p>
      </form>
      <p
        class="hidden justify-center lg:flex"
      >
        <button
          aria-label="Trigger error"
          class="flex aspect-square h-full cursor-pointer items-center justify-center rounded-full"
          type="button"
        >
          <svg
            aria-hidden="true"
            class="lucide lucide-triangle-alert text-love"
            fill="none"
            height="32"
            stroke="currentColor"
            stroke-linecap="round"
            stroke-linejoin="round"
            stroke-width="2"
            viewBox="0 0 24 24"
            width="32"
            xmlns="http://www.w3.org/2000/svg"
          >
            <path
              d="m21.73 18-8-14a2 2 0 0 0-3.48 0l-8 14A2 2 0 0 0 4 21h16a2 2 0 0 0 1.73-3"
            />
            <path
              d="M12 9v4"
            />
            <path
              d="M12 17h.01"
            />
          </svg>
        </button>
      </p>
    </div>
    <ul
      class="flex gap-5 justify-self-end text-xl lg:ml-auto"
    >
      <li>
        <a
          aria-current="page"
          class="text-rose pointer-events-none duration-200"
          data-discover="true"
          href="/"
        >
          Home
        </a>
      </li>
      <li>
        <a
          class=""
          data-discover="true"
          href="/about"
        >
          About
        </a>
      </li>
    </ul>
  </div>
</header>
`;
