// Vitest Snapshot v1, https://vitest.dev/guide/snapshot.html

exports[`Header > should render header with search form, trigger error button, and match snapshot 1`] = `
<header
  class="fixed inset-x-0 container grid items-center gap-10 bg-base py-10 sm:grid-cols-[1fr_auto]"
>
  <form
    aria-label="Search Form"
    class="order-2 flex h-full sm:order-1"
  >
    <p
      class="relative w-full"
    >
      <label
        class="sr-only"
        for="search"
      >
        Search:
         
      </label>
      <input
        class="peer h-full w-full rounded-l-full bg-highlight-low py-3 pr-18 pl-5 text-lg transition-colors duration-200 outline-none focus-visible:bg-overlay/80"
        id="search"
        inputmode="search"
        name="search"
        placeholder="Find awesome images..."
        type="text"
        value=""
      />
      <button
        aria-label="Reset"
        class="visible absolute top-1/2 right-0 -translate-1/2 cursor-pointer p-2 text-text opacity-100 duration-200 peer-placeholder-shown:invisible peer-placeholder-shown:opacity-0"
        type="reset"
      >
        <svg
          aria-hidden="true"
          class="lucide lucide-x"
          fill="none"
          height="24"
          stroke="currentColor"
          stroke-linecap="round"
          stroke-linejoin="round"
          stroke-width="2"
          viewBox="0 0 24 24"
          width="24"
          xmlns="http://www.w3.org/2000/svg"
        >
          <path
            d="M18 6 6 18"
          />
          <path
            d="m6 6 12 12"
          />
        </svg>
      </button>
    </p>
    <p>
      <button
        aria-label="Search"
        class="h-full cursor-pointer rounded-r-full bg-iris px-4 py-2 text-highlight-low transition-colors duration-200 hover:bg-iris/80 lg:px-10"
        type="submit"
      >
        <svg
          aria-hidden="true"
          class="lucide lucide-search"
          fill="none"
          height="24"
          stroke="currentColor"
          stroke-linecap="round"
          stroke-linejoin="round"
          stroke-width="2"
          viewBox="0 0 24 24"
          width="24"
          xmlns="http://www.w3.org/2000/svg"
        >
          <path
            d="m21 21-4.34-4.34"
          />
          <circle
            cx="11"
            cy="11"
            r="8"
          />
        </svg>
      </button>
    </p>
  </form>
  <p
    class="order-1 flex justify-center"
  >
    <button
      aria-label="Trigger error"
      class="flex aspect-square h-full cursor-pointer items-center justify-center rounded-full"
      type="button"
    >
      <svg
        aria-hidden="true"
        class="lucide lucide-triangle-alert text-love"
        fill="none"
        height="32"
        stroke="currentColor"
        stroke-linecap="round"
        stroke-linejoin="round"
        stroke-width="2"
        viewBox="0 0 24 24"
        width="32"
        xmlns="http://www.w3.org/2000/svg"
      >
        <path
          d="m21.73 18-8-14a2 2 0 0 0-3.48 0l-8 14A2 2 0 0 0 4 21h16a2 2 0 0 0 1.73-3"
        />
        <path
          d="M12 9v4"
        />
        <path
          d="M12 17h.01"
        />
      </svg>
    </button>
  </p>
</header>
`;
