// Vitest Snapshot v1, https://vitest.dev/guide/snapshot.html

exports[`Pagination > should render pagination component correctly 1`] = `
<div
  class="mx-auto flex items-center justify-center px-5 py-3 sm:px-6"
>
  <div
    class="grid grid-cols-2 justify-between gap-10 sm:hidden"
  >
    <a
      aria-label="mobile-previous"
      class="bg-pine dark:bg-iris disabled:bg-iris/70 hover:bg-iris/80 relative inline-flex items-center rounded-md border px-5 py-3 text-lg font-medium text-white dark:text-base"
      data-discover="true"
      href="/?page=1"
    >
      Previous
    </a>
    <a
      aria-label="mobile-next"
      class="bg-pine dark:bg-iris disabled:bg-iris/70 hover:bg-iris/80 relative grid place-content-center rounded-md px-5 py-3 text-lg font-medium text-white dark:text-base"
      data-discover="true"
      href="/?page=3"
    >
      Next
    </a>
  </div>
  <div
    class="hidden sm:flex sm:flex-1 sm:items-center sm:justify-between"
  >
    <div>
      <nav
        aria-label="Pagination"
        class="shadow-xs isolate inline-flex -space-x-px rounded-md"
      >
        <a
          aria-label="desktop-previous"
          class="ring-pine dark:ring-iris hover:bg-pine dark:hover:bg-iris/80 text-pine relative inline-flex items-center rounded-l-full px-5 py-3 ring-2 ring-inset hover:text-white focus:z-20 focus:outline-offset-0 dark:text-white dark:hover:text-base"
          data-discover="true"
          href="/?page=1"
        >
          <span
            class="sr-only"
          >
            Previous
          </span>
          <svg
            aria-hidden="true"
            class="size-5"
            data-slot="icon"
            fill="currentColor"
            viewBox="0 0 20 20"
          >
            <path
              clip-rule="evenodd"
              d="M11.78 5.22a.75.75 0 0 1 0 1.06L8.06 10l3.72 3.72a.75.75 0 1 1-1.06 1.06l-4.25-4.25a.75.75 0 0 1 0-1.06l4.25-4.25a.75.75 0 0 1 1.06 0Z"
              fill-rule="evenodd"
            />
          </svg>
        </a>
        <a
          class="ring-pine dark:ring-iris text-pine relative inline-flex items-center px-5 py-3 text-sm font-medium ring-2 ring-inset focus:z-20 hover:bg-pine dark:hover:bg-iris/80 hover:text-white dark:text-white dark:hover:text-base"
          data-discover="true"
          href="/?page=1"
        >
          1
        </a>
        <a
          class="ring-pine dark:ring-iris relative inline-flex items-center px-5 py-3 text-sm font-medium ring-2 ring-inset focus:z-20 bg-pine dark:bg-iris focus-visible:outline-pine text-white focus:outline-offset-2 focus-visible:outline-2 dark:text-base"
          data-discover="true"
          href="/?page=2"
        >
          2
        </a>
        <a
          class="ring-pine dark:ring-iris text-pine relative inline-flex items-center px-5 py-3 text-sm font-medium ring-2 ring-inset focus:z-20 hover:bg-pine dark:hover:bg-iris/80 hover:text-white dark:text-white dark:hover:text-base"
          data-discover="true"
          href="/?page=3"
        >
          3
        </a>
        <a
          aria-label="desktop-next"
          class="ring-pine dark:ring-iris text-pine hover:bg-pine dark:hover:bg-iris/80 relative inline-flex items-center rounded-r-full px-5 py-3 ring-2 ring-inset hover:text-white focus:z-20 focus:outline-offset-0 dark:text-white dark:hover:text-base"
          data-discover="true"
          href="/?page=3"
        >
          <span
            class="sr-only"
          >
            Next
          </span>
          <svg
            aria-hidden="true"
            class="size-5"
            data-slot="icon"
            fill="currentColor"
            viewBox="0 0 20 20"
          >
            <path
              clip-rule="evenodd"
              d="M8.22 5.22a.75.75 0 0 1 1.06 0l4.25 4.25a.75.75 0 0 1 0 1.06l-4.25 4.25a.75.75 0 0 1-1.06-1.06L11.94 10 8.22 6.28a.75.75 0 0 1 0-1.06Z"
              fill-rule="evenodd"
            />
          </svg>
        </a>
      </nav>
    </div>
  </div>
</div>
`;
