// Vitest Snapshot v1, https://vitest.dev/guide/snapshot.html

exports[`PhotoCard > should render image and caption with mockPhoto 1`] = `
<figure
  class="border-highlight-low shadow-iris/30 group relative flex break-inside-avoid flex-col overflow-clip rounded-3xl border duration-200 hover:shadow-lg"
>
  <p
    class="overflow-clip"
  >
    <img
      alt="mountain landscape at sunset"
      class="group-hover:scale-101 h-full w-full object-cover duration-200"
      fetchpriority="high"
      height="1080"
      src="https://example.com/photos/photo_789/regular"
      width="1920"
    />
  </p>
  <figcaption
    class="bg-overlay flex flex-col gap-5 px-4 py-6 text-center"
  >
    <p
      class="text-balance text-sm first-letter:capitalize"
    >
      mountain landscape at sunset
    </p>
    <button
      class="group-hover:bg-pine/80 bg-pine inline-flex self-end rounded-full px-4 py-2 text-sm duration-200"
      type="button"
    >
      More details
    </button>
  </figcaption>
  <a
    class="before:absolute before:inset-0"
    data-discover="true"
    href="/photo_789?query=test"
  />
</figure>
`;
