// Vitest Snapshot v1, https://vitest.dev/guide/snapshot.html

exports[`PhotoList > should render PhotoList 1`] = `
<ul
  class="columns-1 gap-5 space-y-5 sm:columns-2 lg:columns-3 lg:space-y-10 lg:gap-x-10"
>
  <li>
    <figure
      class="flex break-inside-avoid flex-col overflow-clip rounded-3xl border border-highlight-low"
    >
      <img
        alt="Beatiful Photo"
        class="h-full w-full object-cover"
        fetchpriority="high"
        height="100"
        src="https://www.test.com/some-beatiful-image.png"
        width="100"
      />
      <figcaption
        class="bg-highlight-med px-4 py-6 text-center"
      >
        <p
          class="text-sm text-balance first-letter:capitalize"
        >
          Beatiful Photo
        </p>
      </figcaption>
    </figure>
  </li>
  <li>
    <figure
      class="flex break-inside-avoid flex-col overflow-clip rounded-3xl border border-highlight-low"
    >
      <img
        alt="Another Photo"
        class="h-full w-full object-cover"
        fetchpriority="high"
        height="50"
        src="https://www.test.com/some-another-image.png"
        width="50"
      />
      <figcaption
        class="bg-highlight-med px-4 py-6 text-center"
      >
        <p
          class="text-sm text-balance first-letter:capitalize"
        >
          Another Photo
        </p>
      </figcaption>
    </figure>
  </li>
</ul>
`;

exports[`PhotoList > should render PhotoList if have items 1`] = `
<ul
  class="columns-1 gap-5 space-y-5 sm:columns-2 lg:columns-3 lg:space-y-10 lg:gap-x-10"
>
  <li>
    <figure
      class="flex break-inside-avoid flex-col overflow-clip rounded-3xl border border-highlight-low"
    >
      <img
        alt="Beatiful Photo"
        class="h-full w-full object-cover"
        fetchpriority="high"
        height="100"
        src="https://www.test.com/some-beatiful-image.png"
        width="100"
      />
      <figcaption
        class="bg-highlight-med px-4 py-6 text-center"
      >
        <p
          class="text-sm text-balance first-letter:capitalize"
        >
          Beatiful Photo
        </p>
      </figcaption>
    </figure>
  </li>
  <li>
    <figure
      class="flex break-inside-avoid flex-col overflow-clip rounded-3xl border border-highlight-low"
    >
      <img
        alt="Another Photo"
        class="h-full w-full object-cover"
        fetchpriority="high"
        height="50"
        src="https://www.test.com/some-another-image.png"
        width="50"
      />
      <figcaption
        class="bg-highlight-med px-4 py-6 text-center"
      >
        <p
          class="text-sm text-balance first-letter:capitalize"
        >
          Another Photo
        </p>
      </figcaption>
    </figure>
  </li>
</ul>
`;

exports[`PhotoList > should render PhotoList if have items 2`] = `
<ul
  class="columns-1 gap-5 space-y-5 sm:columns-2 lg:columns-3 lg:space-y-10 lg:gap-x-10"
>
  <li>
    <figure
      class="flex break-inside-avoid flex-col overflow-clip rounded-3xl border border-highlight-low"
    >
      <img
        alt="Beatiful Photo"
        class="h-full w-full object-cover"
        fetchpriority="high"
        height="100"
        src="https://www.test.com/some-beatiful-image.png"
        width="100"
      />
      <figcaption
        class="bg-highlight-med px-4 py-6 text-center"
      >
        <p
          class="text-sm text-balance first-letter:capitalize"
        >
          Beatiful Photo
        </p>
      </figcaption>
    </figure>
  </li>
  <li>
    <figure
      class="flex break-inside-avoid flex-col overflow-clip rounded-3xl border border-highlight-low"
    >
      <img
        alt="Another Photo"
        class="h-full w-full object-cover"
        fetchpriority="high"
        height="50"
        src="https://www.test.com/some-another-image.png"
        width="50"
      />
      <figcaption
        class="bg-highlight-med px-4 py-6 text-center"
      >
        <p
          class="text-sm text-balance first-letter:capitalize"
        >
          Another Photo
        </p>
      </figcaption>
    </figure>
  </li>
</ul>
`;
