// Vitest Snapshot v1, https://vitest.dev/guide/snapshot.html

exports[`PhotoDetails > should render photo image and details correctly 1`] = `
<div
  class="fixed inset-0 z-40 grid grid-cols-[1fr_400px] bg-black/50 backdrop-blur-md"
>
  <div
    class="relative grid place-content-center"
  >
    <a
      aria-label="close details"
      class="fixed inset-0 cursor-auto"
      data-discover="true"
      href="/?page=1"
    />
    <img
      alt="mountain landscape at sunset"
      class="z-30 h-[80dvh] w-full rounded-3xl object-cover"
      height="1080"
      src="https://example.com/photos/photo_789/regular"
      width="1920"
    />
  </div>
  <aside
    class="pt-30 z-30 col-span-1 h-full overflow-y-auto bg-white px-5 text-black/90 dark:bg-neutral-950 dark:text-gray-300"
  >
    <h2
      class="text-love dark:text-rose mb-4 text-balance text-2xl font-bold first-letter:uppercase"
    >
      mountain landscape at sunset
    </h2>
    <p
      class="mb-4"
    >
      A stunning mountain landscape at sunset
    </p>
    <div
      class="space-y-4"
    >
      <div>
        <h3
          class="text-pine dark:text-foam text-lg font-semibold"
        >
          Photographer
        </h3>
        <p>
          John Doe
        </p>
        <p
          class="text-sm"
        >
          Amateur photographer capturing the beauty of the world
        </p>
        <p
          class="text-sm"
        >
          Location: 
          New York, NY
        </p>
      </div>
      <div>
        <h3
          class="text-pine dark:text-foam text-lg font-semibold"
        >
          Details
        </h3>
        <p>
          Likes: 
          150
        </p>
        <p>
          Dimensions: 
          1920
           x 
          1080
        </p>
        <p>
          Created:
           
          02/01/2025
        </p>
        <p>
          Updated:
           
          07/01/2025
        </p>
      </div>
      <div>
        <h3
          class="text-pine dark:text-foam text-lg font-semibold"
        >
          Links
        </h3>
        <p>
          <a
            class="underline-offset-5 hover:underline"
            href="https://example.com/photos/photo_789"
            rel="noopener noreferrer"
            target="_blank"
          >
            View on Unsplash
          </a>
        </p>
        <p>
          <a
            class="underline-offset-5 hover:underline"
            href="https://example.com/photos/photo_789/download"
            rel="noopener noreferrer"
            target="_blank"
          >
            Download
          </a>
        </p>
      </div>
    </div>
  </aside>
  <a
    class="bg-pine dark:bg-iris hover:bg-rose absolute right-5 top-5 z-30 rounded-full p-2 text-white duration-200 dark:text-base"
    data-discover="true"
    href="/?page=1"
  >
    <svg
      aria-hidden="true"
      class="lucide lucide-x"
      fill="none"
      height="24"
      stroke="currentColor"
      stroke-linecap="round"
      stroke-linejoin="round"
      stroke-width="2"
      viewBox="0 0 24 24"
      width="24"
      xmlns="http://www.w3.org/2000/svg"
    >
      <path
        d="M18 6 6 18"
      />
      <path
        d="m6 6 12 12"
      />
    </svg>
  </a>
</div>
`;
