// Vitest Snapshot v1, https://vitest.dev/guide/snapshot.html

exports[`SearchForm > should render the search form with all required elements 1`] = `
<form
  aria-label="Search Form"
  class="dark:ring-iris dark:has-[button[aria-label="Search"]:hover]:ring-rose group flex h-full rounded-full ring-black/40 duration-200 has-[input:focus-visible]:ring-2"
>
  <p
    class="relative w-full"
  >
    <label
      class="sr-only"
      for="query"
    >
      Search:
       
    </label>
    <input
      class="pr-18 dark:bg-iris/15 peer h-full w-full rounded-l-full bg-white/15 py-3 pl-5 text-lg text-white outline-none transition-colors duration-200 placeholder:text-white/50"
      id="query"
      inputmode="search"
      name="query"
      placeholder="Find awesome images..."
      type="text"
    />
    <button
      aria-label="Reset"
      class="-translate-1/2 text-text visible absolute right-0 top-1/2 cursor-pointer p-2 opacity-100 duration-200 peer-placeholder-shown:invisible peer-placeholder-shown:opacity-0"
      type="reset"
    >
      <svg
        aria-hidden="true"
        class="lucide lucide-x"
        fill="none"
        height="24"
        stroke="currentColor"
        stroke-linecap="round"
        stroke-linejoin="round"
        stroke-width="2"
        viewBox="0 0 24 24"
        width="24"
        xmlns="http://www.w3.org/2000/svg"
      >
        <path
          d="M18 6 6 18"
        />
        <path
          d="m6 6 12 12"
        />
      </svg>
    </button>
  </p>
  <p>
    <button
      aria-label="Search"
      class="dark:bg-iris dark:text-highlight-low dark:hover:bg-rose h-full cursor-pointer rounded-r-full bg-black/20 px-4 py-2 text-white transition-colors duration-200 hover:bg-black/30 lg:px-10"
      type="submit"
    >
      <svg
        aria-hidden="true"
        class="lucide lucide-search"
        fill="none"
        height="24"
        stroke="currentColor"
        stroke-linecap="round"
        stroke-linejoin="round"
        stroke-width="2"
        viewBox="0 0 24 24"
        width="24"
        xmlns="http://www.w3.org/2000/svg"
      >
        <path
          d="m21 21-4.34-4.34"
        />
        <circle
          cx="11"
          cy="11"
          r="8"
        />
      </svg>
    </button>
  </p>
</form>
`;
